Testing LeetCode Scraper...
Result for 'neal_wu': {
  "status": "success",
  "handle": "neal_wu",
  "rating": 3686,
  "globalRanking": 2,
  "history": []
}
Result for 'shubhamjeeshrivastava': {
  "status": "error",
  "message": "User not found"
}
